// Jest Snapshot v1, https://goo.gl/fbAQLP

exports[`StatsBox renders stats box 1`] = `
<div
  id="stats-box-container"
>
  <div
    id="stats-box"
  >
    <h2
      class="title"
    >
      vue-test-utils
    </h2>
     
    <table>
      <tbody>
        <tr>
          <td
            class="param-td"
          >
            
            URL:
          
          </td>
           
          <td
            class="value-td"
          >
            <a
              href="https://github.com/vuejs/vue-test-utils"
              target="_blank"
            >
              https://github.com/vuejs/vue-test-utils
            </a>
          </td>
        </tr>
         
        <tr>
          <td
            class="param-td"
          >
            
            Stars:
          
          </td>
           
          <td
            class="value-td"
          >
            <div>
              <svg
                class="octicon"
                height="16"
                role="presentation"
                version="1.1"
                viewBox="0 0 14 16"
                width="14"
              >
                <path
                  d="M14 6l-4.9-.64L7 1 4.9 5.36 0 6l3.6 3.26L2.67 14 7 11.67 11.33 14l-.93-4.74z"
                />
              </svg>
               
              <span>
                1,883
              </span>
            </div>
          </td>
        </tr>
         
        <tr>
          <td
            class="param-td"
          >
            
            Subscribers:
          
          </td>
           
          <td
            class="value-td"
          >
            <div>
              <svg
                class="octicon"
                height="16"
                role="presentation"
                version="1.1"
                viewBox="0 0 16 16"
                width="16"
              >
                <path
                  d="M8.06 2C3 2 0 8 0 8s3 6 8.06 6C13 14 16 8 16 8s-3-6-7.94-6zM8 12c-2.2 0-4-1.78-4-4 0-2.2 1.8-4 4-4 2.22 0 4 1.8 4 4 0 2.22-1.78 4-4 4zm2-4c0 1.11-.89 2-2 2-1.11 0-2-.89-2-2 0-1.11.89-2 2-2 1.11 0 2 .89 2 2z"
                />
              </svg>
               
              <span>
                69
              </span>
            </div>
          </td>
        </tr>
         
        <tr>
          <td
            class="param-td"
          >
            
            Forks:
          
          </td>
           
          <td
            class="value-td"
          >
            
            230
          
          </td>
        </tr>
         
        <tr>
          <td
            class="param-td"
          >
            
            Watchers:
          
          </td>
           
          <td
            class="value-td"
          >
            
            1,883
          
          </td>
        </tr>
         
        <tr>
          <td
            class="param-td"
          >
            
            Repo Size:
          
          </td>
           
          <td
            class="value-td"
          >
            
            3,802 KB
          
          </td>
        </tr>
         
        <tr>
          <td>
            
            Open Issues:
          
          </td>
           
          <td
            class="value-td"
          >
            
            44
          
          </td>
        </tr>
         
        <tr>
          <td
            class="param-td"
          >
            
            Created:
          
          </td>
           
          <td
            class="value-td"
          >
            
            May 28 2017
          
          </td>
        </tr>
         
        <tr>
          <td
            class="param-td"
          >
            
            Last Update:
          
          </td>
           
          <td
            class="value-td"
          >
            
            Sep 15 2018
          
          </td>
        </tr>
         
        <tr>
          <td
            class="param-td"
          >
            
            Homepage:
          
          </td>
           
          <td
            class="value-td"
          >
            <a
              href="https://vue-test-utils.vuejs.org"
              target="_blank"
            >
              
              https://vue-test-utils.vuejs.org
            
            </a>
          </td>
        </tr>
         
        <tr>
          <td
            class="param-td"
          >
            
            Language:
          
          </td>
           
          <td
            class="value-td"
          >
            
            JavaScript
          
          </td>
        </tr>
         
        <tr>
          <td
            class="param-td"
          >
            
            license:
          
          </td>
           
          <td
            class="value-td"
          >
            
            MIT License
          
          </td>
        </tr>
      </tbody>
    </table>
  </div>
</div>
`;
